2026-08-24 15:13:30,509 [INFO] 작업 대상 폴더 : output\260824_151330
2026-08-24 15:13:30,509 [INFO] 목표 건수(카테고리×data_type×난이도별): {('LS', 'pos_neg', '하'): 0, ('LS', 'pos_neg', '중'): 1, ('LS', 'pos_neg', '상'): 0, ('LS', 'all_pos', '하'): 0, ('LS', 'all_pos', '중'): 0, ('LS', 'all_pos', '상'): 0, ('LS', 'all_neg', '하'): 0, ('LS', 'all_neg', '중'): 0, ('LS', 'all_neg', '상'): 0, ('DS', 'pos_neg', '하'): 0, ('DS', 'pos_neg', '중'): 0, ('DS', 'pos_neg', '상'): 0, ('DS', 'all_pos', '하'): 0, ('DS', 'all_pos', '중'): 0, ('DS', 'all_pos', '상'): 0, ('DS', 'all_neg', '하'): 0, ('DS', 'all_neg', '중'): 0, ('DS', 'all_neg', '상'): 0, ('FX', 'pos_neg', '하'): 0, ('FX', 'pos_neg', '중'): 0, ('FX', 'pos_neg', '상'): 0, ('FX', 'all_pos', '하'): 0, ('FX', 'all_pos', '중'): 0, ('FX', 'all_pos', '상'): 0, ('FX', 'all_neg', '하'): 0, ('FX', 'all_neg', '중'): 0, ('FX', 'all_neg', '상'): 0, ('CD', 'pos_neg', '하'): 0, ('CD', 'pos_neg', '중'): 0, ('CD', 'pos_neg', '상'): 0, ('CD', 'all_pos', '하'): 0, ('CD', 'all_pos', '중'): 0, ('CD', 'all_pos', '상'): 0, ('CD', 'all_neg', '하'): 0, ('CD', 'all_neg', '중'): 0, ('CD', 'all_neg', '상'): 0, ('WM', 'pos_neg', '하'): 0, ('WM', 'pos_neg', '중'): 0, ('WM', 'pos_neg', '상'): 0, ('WM', 'all_pos', '하'): 0, ('WM', 'all_pos', '중'): 0, ('WM', 'all_pos', '상'): 0, ('WM', 'all_neg', '하'): 0, ('WM', 'all_neg', '중'): 0, ('WM', 'all_neg', '상'): 0, ('CR', 'pos_neg', '하'): 0, ('CR', 'pos_neg', '중'): 0, ('CR', 'pos_neg', '상'): 0, ('CR', 'all_pos', '하'): 0, ('CR', 'all_pos', '중'): 0, ('CR', 'all_pos', '상'): 0, ('CR', 'all_neg', '하'): 0, ('CR', 'all_neg', '중'): 0, ('CR', 'all_neg', '상'): 0} (합계 1건, chunk_method_ratio {'recursive_300_100': 1, 'recursive_600_200': 1, 'recursive_1000_300': 1}로 청킹방식 ['recursive_300_100', 'recursive_600_200', 'recursive_1000_300']에 배분) — 미달 조합은 자동 백필로 재분배됨
2026-08-24 15:15:28,926 [WARNING] [LS_011/recursive_300_100] attempt 1/1 실패(118.4초) - 질문 생성 실패: [LS_011] 2회 재시도 후에도 질문 생성 실패: 이번 배치 후보 전부 judge 거부됨 — '역전세 보증금 반환대출인데 제가 임차보증금을 이미 받았고 대출 우선상환도 하지 않았으며 신규 임차인 전입도 아직 안 됐어요, 이런 상황에서 은행이 제 채권을 담보로 잡거나 다른 금융기관에 넘기면 남은 전세자금대출 잔액은 어떻게 지급되는 건가요?': 발췌문에 '금융기관이 질권 설정을 하였거나 ... 채권의 양도가 이루어진 경우, 은행은 본 건 대출금 중 전세자금대출 잔액에 상당하는 금액을 해당 금융기관에 지급합니다.'라는 문장이 있어 질문 상황에 대한 지급처·지급 방식(지급 대상)이 직접 나와 있어 발췌문만으로 답할 수 있음.; '역전세 보증금 반환대출 관련해서 임차보증금 받은 뒤 근저당 말소도 안 하고 반환 보증 가입도 3개월 내에 못 했는데, 은행이 담보를 설정하거나 채권을 다른 금융기관에 넘기면 전세대출 잔액이 누구에게 가는지 설명 좀 부탁드려요': 질문이 묘사한 조건(임차보증금 수령, 근저당 말소 미이행, 반환보증 미가입 등)은 발췌문에서 다루고 있으며, 발췌문은 채권이 담보설정되거나 양도될 경우 전세자금대출 잔액 상당액을 해당 금융기관에 지급한다고 명시하여 누구에게 가는지 답할 수 있음.; '역전세 보증금 반환대출에서 제가 임차보증금을 받았고 보증 가입도 못 한 상태인데, 은행이 제 채권을 담보로 잡아 다른 금융기관에 넘기면 그 기관이 전세자금대출 잔액을 직접 회수하게 되는 건가요?': 발췌문은 '...해당 금융기관에 지급합니다.'라고 명시하므로 채권이 담보설정되거나 양도되면 그 금융기관이 전세자금대출 잔액 상당액을 받는다는 사실은 발췌문만으로 확인 가능하다. 따라서 '직접 회수하게 되는가'라는 질문도 발췌문 근거로 답변 가능(지급 대상이 그 기관임을 설명할 수 있음).; '역전세 보증금 반환대출인데 임차보증금은 수령했고 신규 임차인 전입 증빙도 못 냈어요, 은행이 채권을 다른 금융기관에 넘겨 대출 잔액 상당액을 지급하면 제가 이후에 누구한테 대출을 갚아야 하는지 잘 모르겠어요': 발췌문은 은행이 해당 금융기관에 전세자금대출 잔액 상당액을 지급한다고 규정하지만, 채권 양도 이후 채무자인 질문자가 누구에게 어떻게 갚아야 하는지(예: 기존 은행에 계속 갚아야 하는지 양수인에게 갚아야 하는지)는 명시하고 있지 않아 발췌문만으로 답할 수 없음.; '역전세 보증금 반환대출에서 임차보증금을 받고 근저당 해제도 안 된 데다 반환 보증 가입도 지연된 상황인데, 은행이 담보 설정이나 채권 양도를 할 때 전세대출 잔액 지급 절차가 어떻게 되는지 알려주세요': 발췌문에 '질권 설정 또는 채권 양도 시 은행은 전세자금대출 잔액에 상당한 금액을 해당 금융기관에 지급'이라는 절차적 규정이 있어, 담보 설정·채권 양도 시 지급 대상과 지급 취지가 발췌문만으로 설명 가능함.
2026-08-24 15:15:28,926 [WARNING] [LS_011/recursive_300_100] 1회 재생성해도 QA 품질 검증 실패 - 이 슬롯은 제외
2026-08-24 15:17:21,144 [WARNING] [LS_012/recursive_300_100] attempt 1/1 실패(112.2초) - 질문 생성 실패: [LS_012] 2회 재시도 후에도 질문 생성 실패: 이번 배치 후보 전부 judge 거부됨 — '가계대출 금리가 은행의 자금조달 비용과 각종 원가, 목표 이익률을 반영해 정해지고 보통은 기준금리에 추가로 붙는 금리의 합으로 안내되는 게 맞나요?': 발췌문에 '대출금리는 은행의 자금조달금리에 각종 원가요소와 목표이익률을 반영하여 결정'되고 '일반적으로 대출 기준금리와 가산금리의 합으로 표시'된다고 명시되어 있어 질문은 발췌문 내용의 확인에 해당함.; '제가 대출 상담 중인데 신용평점은 상환능력 심사에, 담보가치 대비 대출비율은 대출 가능금액 산정에 쓰인다고 적혀 있더라고요; 이게 금리 산정과는 별도 기준인지 잘 모르겠어요': 발췌문은 신용평점은 상환능력 심사에, 담보인정비율은 대출가능금액 산정에 사용된다고만 적혀 있으며 이들이 금리 산정과 별개인지(또는 금리에 영향을 주는지)는 언급되어 있지 않아 발췌문만으로 답할 수 없음.; '가계대출 금리 결정요인?': 발췌문의 '대출금리 결정(변동)요인' 항목에서 자금조달금리, 각종 원가요소, 목표이익률(마진) 등을 명시하고 있으며 기준금리+가산금리로 표시된다고 직접 서술함.; '대출 신청할 때 제가 부담하게 되는 실제 비용들, 예를 들어 근저당권 설정 비용이나 주택기금 관련 채권 매입비용 같은 예시를 좀 알려주세요': 발췌문에 고객이 부담하는 비용 예시로 근저당권 설정등기 비용(건당 5~7만원 표기)과 근저당 채권최고액의 1%×일별 채권할인율, 국민주택채권 매입비용 등이 명시되어 있어 예시 제시는 발췌문만으로 가능함.
2026-08-24 15:17:21,144 [WARNING] [LS_012/recursive_300_100] 1회 재생성해도 QA 품질 검증 실패 - 이 슬롯은 제외
2026-08-24 15:17:31,860 [INFO] [LS_013/recursive_300_100] attempt 1/1 성공(122.9초)
2026-08-24 15:18:59,547 [WARNING] [LS_015/recursive_300_100] attempt 1/1 실패(98.4초) - 질문 생성 실패: [LS_015] 2회 재시도 후에도 질문 생성 실패: 이번 배치 후보 전부 judge 거부됨 — '제가 기업대출을 미국 달러 기준으로 약정했는데, 이자 계산은 이자 계산일을 기준으로 5영업일 전의 미국 뉴욕 연방준비은행 기준 금리 값을 모아 사후에 복리로 평균해 산출하는 건가요?': 발췌문에 '이자계산일 기준 5영업일 전의 값을 ... 사후적으로 복리평균하여 계산'과 'USD의 경우 FRB NY(Federal Reserve Bank of New York)'가 명시되어 있어 질문 내용(달러 대출의 계산 방식)은 발췌문만으로 확인 가능하다. 질문은 하나의 확인 의도이며 표현도 명확하다. 발췌문 문장을 그대로 재확인하는 형태이므로 추가 추론은 불필요하다. 전문용어는 풀어쓴 표현으로 되어 있다.; '제가 처음 약정할 때 고른 시장지표, 예를 들어 미국 뉴욕 연방준비은행 기준 금리나 단기 시장금리를 기준으로 이자 계산 시 이자 계산일보다 5영업일 전 금리들을 모아 복리로 평균해 적용하는지 설명 좀 알려주세요': 발췌문에 고객이 최초 약정 시 지표를 선택한다는 내용과 '5 days Lookback without observation shift' 방식(이자계산일보다 5영업일 전값을 복리평균 적용)이 있어, 예시로 든 FRB NY나 단기시장금리에도 동일 방식이 적용된다는 취지를 발췌문만으로 확인·설명할 수 있다. 단일한 설명 요청이다.; '이자 계산 기준일과 약정한 지표를 기준으로 한 5영업일 전 금리의 복리평균 적용 방식?': 질문은 '이자 계산 기준일과 약정한 지표를 기준으로 한 5영업일 전 금리의 복리평균 적용 방식'을 묻고 있으며, 발췌문에 그 적용 방식(5영업일 전 값을 사후적으로 복리평균)이 직접 기술되어 있어 발췌문만으로 답 가능하다. 문장 형태는 축약되어 있으나 의도는 단일하고 명확하다.; '제가 대출 약정 당시 고른 기준금리와 은행이 법령 범위 내에서 정할 수 있는 금리 중 어느 쪽을 기준으로 이자계산일 기준 5영업일 전 금리를 모아 복리평균해서 이자를 계산하는지 잘 모르겠어요': 발췌문은 '고객이 최초 약정시 선택'과 '은행은 법령이 허용하는 한도 내에서 정할 수 있다'는 두 사실을 모두 언급하지만, 둘 중 어느 쪽이 우선 적용되는지(우선권·우선적 기준을 정하는 규정)는 명시되어 있지 않아 발췌문만으로 결론을 낼 수 없다. 따라서 둘을 비교·해석해야 하며 추가 판단(추론)이 필요하다.; '제가 이번 달 이자 정산 전에 어느 시장지표를 기준으로 이자계산일 기준 5영업일 전 금리를 모아 복리평균해 적용하는지 확인하려면 약정서 어디를 보면 되나요?': 질문은 약정서의 어느 항목을 보면 되는지 물었으나 발췌문에는 특정 조항명·조문 위치나 '약정서의 몇 조'와 같은 안내가 없으므로(일반 원칙·방식만 있음) 발췌문만으로는 답할 수 없다. 질문 의도와 표현은 단일·명확하다.
2026-08-24 15:18:59,547 [WARNING] [LS_015/recursive_300_100] 1회 재생성해도 QA 품질 검증 실패 - 이 슬롯은 제외
2026-08-24 15:19:05,998 [WARNING] [LS_014/recursive_300_100] attempt 1/1 실패(104.8초) - 질문 생성 실패: [LS_014] 2회 재시도 후에도 질문 생성 실패: 이번 배치 후보 전부 judge 거부됨 — '제가 구매기업에 납품했는데 대금이 70일 넘게 밀리고 지급기일에도 연체됐어요, 이런 경우 전자방식 외상매출채권 담보대출에서 은행이 보통 어떤 거래 제한이나 조치를 하나요?': 발췌문에 납품대금 60일 초과 시 지연이자 지급 규정과, 구매기업의 지급연체(담보매출채권 연체)가 있을 경우 은행이 대출을 할 수 없는 사유로 명시된 조항들이 있어 관련 조치(대출정지·거래제한, 지연이자 청구 등)를 추론할 수 있으나 '보통 어떤 조치'라는 일반적 문의에 대해 발췌문이 모든 세부 조치를 열거하진 않아 일부 해석이 필요함.; '제가 구매기업에게 세금계산서를 아직 제출하지 않았고 금융결제원에 미결제 정보도 떠 있는데, 이런 경우 은행이 대출 실행이나 한도를 중단할 수 있나요?': 발췌문에 '제4조에 의한 세금계산서를 제출하지 않는 경우'와 '금융결제원 정보집중을 통해 미결제 정보가 수집된 경우'를 은행이 대출을 할 수 없는 경우로 명확히 열거하고 있어 질문에 대한 답이 발췌문에 직접 있음.; '은행 전산장애로 당장 대출 실행이 안 되는 상황에서 구매기업도 담보채권 지급을 연체했다면, 이런 복합 상황에서 제 권리나 지연이자 처리는 어떻게 되는지 설명 좀 해주세요': 발췌문에 '전산상의 장애로 은행이 대출을 할 수 없는 경우'와 '담보매출채권 지급 연체'가 각각 대출 불가(또는 조치 대상) 사유로 명시되어 있어 관련 쟁점들이 문서에 포함되나, 두 사유가 동시에 발생했을 때의 권리 우선·지연이자 처리 방식 등 구체적 결론은 발췌문에 직접 규정되어 있지 않아 서로 다른 사실을 결합해 판단해야 함.; '금융결제원에 미결제 정보가 올라왔고 제가 세금계산서를 아직 못 받았는데, 이런 상황에서 제 전자방식 외상매출채권 담보대출이 유지되는지 잘 모르겠어요': 발췌문에 '금융결제원 정보집중을 통해 미결제 정보가 수집된 경우'와 '세금계산서 미제출'을 은행이 대출을 할 수 없는 경우로 명시하고 있으므로 대출 유지 여부를 판단하는 데 필요한 핵심 정보가 발췌문에 있어 직접 답할 수 있음.
2026-08-24 15:19:05,998 [WARNING] [LS_014/recursive_300_100] 1회 재생성해도 QA 품질 검증 실패 - 이 슬롯은 제외
2026-08-24 15:19:06,116 [INFO] 중간 저장: 이번 배치 반영 (누적: {'recursive_300_100': 1, 'recursive_600_200': 0, 'recursive_1000_300': 0})
2026-08-24 15:19:06,117 [INFO] 호출 종류별 소요시간(누적, 지금까지):
라벨            건수       합계(초)     평균(초)      중앙값(초)     최대(초)
Query 생성      10       332.8      33.3        31.6      49.2
Judge         10       194.5      19.5        19.0      23.0
Persona       10        46.1       4.6         4.4       6.7
Analyze        1        16.4      16.4        16.4      16.4
GT             1         8.2       8.2         8.2       8.2
Reason         1         4.8       4.8         4.8       4.8
2026-08-24 15:19:30,326 [INFO] 전체 완료: 생성 1건, 최종 저장 건수: {'recursive_300_100': 1, 'recursive_600_200': 0, 'recursive_1000_300': 0}, report.xlsx/output_qa_260824_151330.xlsx 저장됨
2026-08-24 15:19:30,326 [INFO] 호출 종류별 소요시간(전체 실행 기준):
라벨            건수       합계(초)     평균(초)      중앙값(초)     최대(초)
Query 생성      10       332.8      33.3        31.6      49.2
Judge         10       194.5      19.5        19.0      23.0
Persona       10        46.1       4.6         4.4       6.7
Analyze        1        16.4      16.4        16.4      16.4
GT             1         8.2       8.2         8.2       8.2
Reason         1         4.8       4.8         4.8       4.8
